UI/appui.goc(551): Warning! W102: Type mismatch (warning)
UI/appui.goc(551): Note! I2003: source conversion type is 'void __based(void) *'
UI/appui.goc(551): Note! I2004: target conversion type is 'unsigned long'
UI/appui.goc(551): Error! E1054: Expression must be constant
UI/appui.goc(552): Warning! W102: Type mismatch (warning)
UI/appui.goc(552): Note! I2003: source conversion type is 'void __based(void) *'
UI/appui.goc(552): Note! I2004: target conversion type is 'unsigned long'
UI/appui.goc(552): Error! E1054: Expression must be constant
UI/appui.goc(137): Warning! W102: Type mismatch (warning)
UI/appui.goc(137): Note! I2003: source conversion type is 'char *'
UI/appui.goc(137): Note! I2004: target conversion type is 'char'
UI/appui.goc(137): Error! E1146: Invalid initializer for integer data type
UI/appui.goc(137): Warning! W102: Type mismatch (warning)
UI/appui.goc(137): Note! I2003: source conversion type is 'char *'
UI/appui.goc(137): Note! I2004: target conversion type is 'char'
UI/appui.goc(137): Error! E1146: Invalid initializer for integer data type
UI/appui.goc(153): Warning! W102: Type mismatch (warning)
UI/appui.goc(153): Note! I2003: source conversion type is 'char *'
UI/appui.goc(153): Note! I2004: target conversion type is 'char'
UI/appui.goc(153): Error! E1146: Invalid initializer for integer data type
UI/appui.goc(153): Warning! W102: Type mismatch (warning)
UI/appui.goc(153): Note! I2003: source conversion type is 'char *'
UI/appui.goc(153): Note! I2004: target conversion type is 'char'
UI/appui.goc(153): Error! E1146: Invalid initializer for integer data type
